[0.046s] DEBUG:colcon:Command line arguments: ['/usr/bin/colcon', 'build', '--base-paths', 'ros', '--build-base', 'build', '--install-base', 'install', '--packages-select', 'arm_calibration_interfaces', '--cmake-args', '-DPython3_EXECUTABLE=/usr/bin/python3', '-DPYTHON_EXECUTABLE=/usr/bin/python3']
[0.046s] DEBUG:colcon:Parsed command line arguments: Namespace(log_base=None, log_level=None, verb_name='build', build_base='/home/wky/MyWorkspace/arm_calib/build', install_base='/home/wky/MyWorkspace/arm_calib/install', merge_install=False, symlink_install=False, test_result_base=None, continue_on_error=False, executor='parallel', parallel_workers=28, event_handlers=None, ignore_user_meta=False, metas=['./colcon.meta'], base_paths=['ros'], packages_ignore=None, packages_ignore_regex=None, paths=None, packages_up_to=None, packages_up_to_regex=None, packages_above=None, packages_above_and_dependencies=None, packages_above_depth=None, packages_select_by_dep=None, packages_skip_by_dep=None, packages_skip_up_to=None, packages_select_build_failed=False, packages_skip_build_finished=False, packages_select_test_failures=False, packages_skip_test_passed=False, packages_select=['arm_calibration_interfaces'], packages_skip=None, packages_select_regex=None, packages_skip_regex=None, packages_start=None, packages_end=None, allow_overriding=[], cmake_args=['-DPython3_EXECUTABLE=/usr/bin/python3', '-DPYTHON_EXECUTABLE=/usr/bin/python3'], cmake_target=None, cmake_target_skip_unavailable=False, cmake_clean_cache=False, cmake_clean_first=False, cmake_force_configure=False, ament_cmake_args=None, catkin_cmake_args=None, catkin_skip_building_tests=False, verb_parser=<colcon_defaults.argument_parser.defaults.DefaultArgumentsDecorator object at 0x7ad257266080>, verb_extension=<colcon_core.verb.build.BuildVerb object at 0x7ad257367c10>, main=<bound method BuildVerb.main of <colcon_core.verb.build.BuildVerb object at 0x7ad257367c10>>)
[0.112s] Level 1:colcon.colcon_core.package_discovery:discover_packages(colcon_meta) check parameters
[0.112s] Level 1:colcon.colcon_core.package_discovery:discover_packages(recursive) check parameters
[0.112s] Level 1:colcon.colcon_core.package_discovery:discover_packages(ignore) check parameters
[0.112s] Level 1:colcon.colcon_core.package_discovery:discover_packages(path) check parameters
[0.112s] Level 1:colcon.colcon_core.package_discovery:discover_packages(recursive) discover
[0.112s] INFO:colcon.colcon_core.package_discovery:Crawling recursively for packages in '/home/wky/MyWorkspace/arm_calib/ros'
[0.112s] Level 1:colcon.colcon_core.package_identification:_identify(ros) by extensions ['ignore', 'ignore_ament_install']
[0.112s] Level 1:colcon.colcon_core.package_identification:_identify(ros) by extension 'ignore'
[0.112s] Level 1:colcon.colcon_core.package_identification:_identify(ros) by extension 'ignore_ament_install'
[0.113s] Level 1:colcon.colcon_core.package_identification:_identify(ros) by extensions ['colcon_pkg']
[0.113s] Level 1:colcon.colcon_core.package_identification:_identify(ros) by extension 'colcon_pkg'
[0.113s] Level 1:colcon.colcon_core.package_identification:_identify(ros) by extensions ['colcon_meta']
[0.113s] Level 1:colcon.colcon_core.package_identification:_identify(ros) by extension 'colcon_meta'
[0.113s] Level 1:colcon.colcon_core.package_identification:_identify(ros) by extensions ['ros']
[0.113s] Level 1:colcon.colcon_core.package_identification:_identify(ros) by extension 'ros'
[0.142s] Level 1:colcon.colcon_core.package_identification:_identify(ros) by extensions ['cmake', 'python']
[0.143s] Level 1:colcon.colcon_core.package_identification:_identify(ros) by extension 'cmake'
[0.143s] Level 1:colcon.colcon_core.package_identification:_identify(ros) by extension 'python'
[0.143s] Level 1:colcon.colcon_core.package_identification:_identify(ros) by extensions ['python_setup_py']
[0.143s] Level 1:colcon.colcon_core.package_identification:_identify(ros) by extension 'python_setup_py'
[0.143s] Level 1:colcon.colcon_core.package_identification:_identify(ros/arm_calibration_interfaces) by extensions ['ignore', 'ignore_ament_install']
[0.143s] Level 1:colcon.colcon_core.package_identification:_identify(ros/arm_calibration_interfaces) by extension 'ignore'
[0.143s] Level 1:colcon.colcon_core.package_identification:_identify(ros/arm_calibration_interfaces) by extension 'ignore_ament_install'
[0.143s] Level 1:colcon.colcon_core.package_identification:_identify(ros/arm_calibration_interfaces) by extensions ['colcon_pkg']
[0.143s] Level 1:colcon.colcon_core.package_identification:_identify(ros/arm_calibration_interfaces) by extension 'colcon_pkg'
[0.143s] Level 1:colcon.colcon_core.package_identification:_identify(ros/arm_calibration_interfaces) by extensions ['colcon_meta']
[0.143s] Level 1:colcon.colcon_core.package_identification:_identify(ros/arm_calibration_interfaces) by extension 'colcon_meta'
[0.143s] Level 1:colcon.colcon_core.package_identification:_identify(ros/arm_calibration_interfaces) by extensions ['ros']
[0.143s] Level 1:colcon.colcon_core.package_identification:_identify(ros/arm_calibration_interfaces) by extension 'ros'
[0.144s] DEBUG:colcon.colcon_core.package_identification:Package 'ros/arm_calibration_interfaces' with type 'ros.ament_cmake' and name 'arm_calibration_interfaces'
[0.144s] Level 1:colcon.colcon_core.package_discovery:discover_packages(recursive) using defaults
[0.153s] Level 1:colcon.colcon_core.package_discovery:discover_packages(prefix_path) check parameters
[0.153s] Level 1:colcon.colcon_core.package_discovery:discover_packages(prefix_path) discover
[0.154s] DEBUG:colcon.colcon_installed_package_information.package_discovery:Found 13 installed packages in /home/wky/MyWorkspace/coludata_arm_control/install
[0.154s] DEBUG:colcon.colcon_installed_package_information.package_discovery:Found 292 installed packages in /opt/ros/humble
[0.155s] Level 1:colcon.colcon_core.package_discovery:discover_packages(prefix_path) using defaults
[0.170s] Level 5:colcon.colcon_core.verb:set package 'arm_calibration_interfaces' build argument 'cmake_args' from command line to '['-DPython3_EXECUTABLE=/usr/bin/python3', '-DPYTHON_EXECUTABLE=/usr/bin/python3']'
[0.170s] Level 5:colcon.colcon_core.verb:set package 'arm_calibration_interfaces' build argument 'cmake_target' from command line to 'None'
[0.170s] Level 5:colcon.colcon_core.verb:set package 'arm_calibration_interfaces' build argument 'cmake_target_skip_unavailable' from command line to 'False'
[0.170s] Level 5:colcon.colcon_core.verb:set package 'arm_calibration_interfaces' build argument 'cmake_clean_cache' from command line to 'False'
[0.170s] Level 5:colcon.colcon_core.verb:set package 'arm_calibration_interfaces' build argument 'cmake_clean_first' from command line to 'False'
[0.170s] Level 5:colcon.colcon_core.verb:set package 'arm_calibration_interfaces' build argument 'cmake_force_configure' from command line to 'False'
[0.170s] Level 5:colcon.colcon_core.verb:set package 'arm_calibration_interfaces' build argument 'ament_cmake_args' from command line to 'None'
[0.170s] Level 5:colcon.colcon_core.verb:set package 'arm_calibration_interfaces' build argument 'catkin_cmake_args' from command line to 'None'
[0.170s] Level 5:colcon.colcon_core.verb:set package 'arm_calibration_interfaces' build argument 'catkin_skip_building_tests' from command line to 'False'
[0.170s] DEBUG:colcon.colcon_core.verb:Building package 'arm_calibration_interfaces' with the following arguments: {'ament_cmake_args': None, 'build_base': '/home/wky/MyWorkspace/arm_calib/build/arm_calibration_interfaces', 'catkin_cmake_args': None, 'catkin_skip_building_tests': False, 'cmake_args': ['-DPython3_EXECUTABLE=/usr/bin/python3', '-DPYTHON_EXECUTABLE=/usr/bin/python3'], 'cmake_clean_cache': False, 'cmake_clean_first': False, 'cmake_force_configure': False, 'cmake_target': None, 'cmake_target_skip_unavailable': False, 'install_base': '/home/wky/MyWorkspace/arm_calib/install/arm_calibration_interfaces', 'merge_install': False, 'path': '/home/wky/MyWorkspace/arm_calib/ros/arm_calibration_interfaces', 'symlink_install': False, 'test_result_base': None}
[0.170s] INFO:colcon.colcon_core.executor:Executing jobs using 'parallel' executor
[0.170s] DEBUG:colcon.colcon_parallel_executor.executor.parallel:run_until_complete
[0.170s] INFO:colcon.colcon_ros.task.ament_cmake.build:Building ROS package in '/home/wky/MyWorkspace/arm_calib/ros/arm_calibration_interfaces' with build type 'ament_cmake'
[0.170s] INFO:colcon.colcon_cmake.task.cmake.build:Building CMake package in '/home/wky/MyWorkspace/arm_calib/ros/arm_calibration_interfaces'
[0.171s] INFO:colcon.colcon_core.plugin_system:Skipping extension 'colcon_core.shell.bat': Not used on non-Windows systems
[0.171s] INFO:colcon.colcon_core.shell:Skip shell extension 'powershell' for command environment: Not usable outside of PowerShell
[0.171s] DEBUG:colcon.colcon_core.shell:Skip shell extension 'dsv' for command environment
[0.176s] DEBUG:colcon.colcon_core.event_handler.log_command:Invoking command in '/home/wky/MyWorkspace/arm_calib/build/arm_calibration_interfaces': CMAKE_PREFIX_PATH=${CMAKE_PREFIX_PATH}:/home/wky/MyWorkspace/coludata_arm_control/install/visualization_control:/home/wky/MyWorkspace/coludata_arm_control/install/pyagx_arm_ros:/opt/ros/humble /usr/bin/cmake /home/wky/MyWorkspace/arm_calib/ros/arm_calibration_interfaces -DPython3_EXECUTABLE=/usr/bin/python3 -DPYTHON_EXECUTABLE=/usr/bin/python3 -DCMAKE_INSTALL_PREFIX=/home/wky/MyWorkspace/arm_calib/install/arm_calibration_interfaces
[1.454s] DEBUG:colcon.colcon_core.event_handler.log_command:Invoked command in '/home/wky/MyWorkspace/arm_calib/build/arm_calibration_interfaces' returned '0': CMAKE_PREFIX_PATH=${CMAKE_PREFIX_PATH}:/home/wky/MyWorkspace/coludata_arm_control/install/visualization_control:/home/wky/MyWorkspace/coludata_arm_control/install/pyagx_arm_ros:/opt/ros/humble /usr/bin/cmake /home/wky/MyWorkspace/arm_calib/ros/arm_calibration_interfaces -DPython3_EXECUTABLE=/usr/bin/python3 -DPYTHON_EXECUTABLE=/usr/bin/python3 -DCMAKE_INSTALL_PREFIX=/home/wky/MyWorkspace/arm_calib/install/arm_calibration_interfaces
[1.455s] DEBUG:colcon.colcon_core.event_handler.log_command:Invoking command in '/home/wky/MyWorkspace/arm_calib/build/arm_calibration_interfaces': CMAKE_PREFIX_PATH=${CMAKE_PREFIX_PATH}:/home/wky/MyWorkspace/coludata_arm_control/install/visualization_control:/home/wky/MyWorkspace/coludata_arm_control/install/pyagx_arm_ros:/opt/ros/humble /usr/bin/cmake --build /home/wky/MyWorkspace/arm_calib/build/arm_calibration_interfaces -- -j28 -l28
[2.793s] DEBUG:colcon.colcon_core.event_handler.log_command:Invoked command in '/home/wky/MyWorkspace/arm_calib/build/arm_calibration_interfaces' returned '0': CMAKE_PREFIX_PATH=${CMAKE_PREFIX_PATH}:/home/wky/MyWorkspace/coludata_arm_control/install/visualization_control:/home/wky/MyWorkspace/coludata_arm_control/install/pyagx_arm_ros:/opt/ros/humble /usr/bin/cmake --build /home/wky/MyWorkspace/arm_calib/build/arm_calibration_interfaces -- -j28 -l28
[2.799s] DEBUG:colcon.colcon_core.event_handler.log_command:Invoking command in '/home/wky/MyWorkspace/arm_calib/build/arm_calibration_interfaces': CMAKE_PREFIX_PATH=${CMAKE_PREFIX_PATH}:/home/wky/MyWorkspace/coludata_arm_control/install/visualization_control:/home/wky/MyWorkspace/coludata_arm_control/install/pyagx_arm_ros:/opt/ros/humble /usr/bin/cmake --install /home/wky/MyWorkspace/arm_calib/build/arm_calibration_interfaces
[2.841s] Level 1:colcon.colcon_core.environment:create_environment_scripts_only(arm_calibration_interfaces)
[2.841s] DEBUG:colcon.colcon_core.event_handler.log_command:Invoked command in '/home/wky/MyWorkspace/arm_calib/build/arm_calibration_interfaces' returned '0': CMAKE_PREFIX_PATH=${CMAKE_PREFIX_PATH}:/home/wky/MyWorkspace/coludata_arm_control/install/visualization_control:/home/wky/MyWorkspace/coludata_arm_control/install/pyagx_arm_ros:/opt/ros/humble /usr/bin/cmake --install /home/wky/MyWorkspace/arm_calib/build/arm_calibration_interfaces
[2.842s] Level 1:colcon.colcon_core.environment:checking '/home/wky/MyWorkspace/arm_calib/install/arm_calibration_interfaces' for CMake module files
[2.842s] Level 1:colcon.colcon_core.environment:checking '/home/wky/MyWorkspace/arm_calib/install/arm_calibration_interfaces' for CMake config files
[2.842s] Level 1:colcon.colcon_core.shell:create_environment_hook('arm_calibration_interfaces', 'cmake_prefix_path')
[2.842s] INFO:colcon.colcon_core.shell:Creating environment hook '/home/wky/MyWorkspace/arm_calib/install/arm_calibration_interfaces/share/arm_calibration_interfaces/hook/cmake_prefix_path.ps1'
[2.843s] INFO:colcon.colcon_core.shell:Creating environment descriptor '/home/wky/MyWorkspace/arm_calib/install/arm_calibration_interfaces/share/arm_calibration_interfaces/hook/cmake_prefix_path.dsv'
[2.843s] INFO:colcon.colcon_core.shell:Creating environment hook '/home/wky/MyWorkspace/arm_calib/install/arm_calibration_interfaces/share/arm_calibration_interfaces/hook/cmake_prefix_path.sh'
[2.843s] Level 1:colcon.colcon_core.environment:checking '/home/wky/MyWorkspace/arm_calib/install/arm_calibration_interfaces/lib'
[2.843s] Level 1:colcon.colcon_core.shell:create_environment_hook('arm_calibration_interfaces', 'ld_library_path_lib')
[2.843s] INFO:colcon.colcon_core.shell:Creating environment hook '/home/wky/MyWorkspace/arm_calib/install/arm_calibration_interfaces/share/arm_calibration_interfaces/hook/ld_library_path_lib.ps1'
[2.844s] INFO:colcon.colcon_core.shell:Creating environment descriptor '/home/wky/MyWorkspace/arm_calib/install/arm_calibration_interfaces/share/arm_calibration_interfaces/hook/ld_library_path_lib.dsv'
[2.844s] INFO:colcon.colcon_core.shell:Creating environment hook '/home/wky/MyWorkspace/arm_calib/install/arm_calibration_interfaces/share/arm_calibration_interfaces/hook/ld_library_path_lib.sh'
[2.844s] Level 1:colcon.colcon_core.environment:checking '/home/wky/MyWorkspace/arm_calib/install/arm_calibration_interfaces/bin'
[2.844s] Level 1:colcon.colcon_core.environment:checking '/home/wky/MyWorkspace/arm_calib/install/arm_calibration_interfaces/lib/pkgconfig/arm_calibration_interfaces.pc'
[2.844s] Level 1:colcon.colcon_core.environment:checking '/home/wky/MyWorkspace/arm_calib/install/arm_calibration_interfaces/lib/python3.10/site-packages'
[2.844s] Level 1:colcon.colcon_core.environment:checking '/home/wky/MyWorkspace/arm_calib/install/arm_calibration_interfaces/bin'
[2.844s] INFO:colcon.colcon_core.shell:Creating package script '/home/wky/MyWorkspace/arm_calib/install/arm_calibration_interfaces/share/arm_calibration_interfaces/package.ps1'
[2.845s] INFO:colcon.colcon_core.shell:Creating package descriptor '/home/wky/MyWorkspace/arm_calib/install/arm_calibration_interfaces/share/arm_calibration_interfaces/package.dsv'
[2.845s] INFO:colcon.colcon_core.shell:Creating package script '/home/wky/MyWorkspace/arm_calib/install/arm_calibration_interfaces/share/arm_calibration_interfaces/package.sh'
[2.845s] INFO:colcon.colcon_core.shell:Creating package script '/home/wky/MyWorkspace/arm_calib/install/arm_calibration_interfaces/share/arm_calibration_interfaces/package.bash'
[2.845s] INFO:colcon.colcon_core.shell:Creating package script '/home/wky/MyWorkspace/arm_calib/install/arm_calibration_interfaces/share/arm_calibration_interfaces/package.zsh'
[2.846s] Level 1:colcon.colcon_core.environment:create_file_with_runtime_dependencies(/home/wky/MyWorkspace/arm_calib/install/arm_calibration_interfaces/share/colcon-core/packages/arm_calibration_interfaces)
[2.846s] Level 1:colcon.colcon_core.environment:create_environment_scripts_only(arm_calibration_interfaces)
[2.846s] Level 1:colcon.colcon_core.environment:checking '/home/wky/MyWorkspace/arm_calib/install/arm_calibration_interfaces' for CMake module files
[2.846s] Level 1:colcon.colcon_core.environment:checking '/home/wky/MyWorkspace/arm_calib/install/arm_calibration_interfaces' for CMake config files
[2.846s] Level 1:colcon.colcon_core.shell:create_environment_hook('arm_calibration_interfaces', 'cmake_prefix_path')
[2.846s] INFO:colcon.colcon_core.shell:Creating environment hook '/home/wky/MyWorkspace/arm_calib/install/arm_calibration_interfaces/share/arm_calibration_interfaces/hook/cmake_prefix_path.ps1'
[2.847s] INFO:colcon.colcon_core.shell:Creating environment descriptor '/home/wky/MyWorkspace/arm_calib/install/arm_calibration_interfaces/share/arm_calibration_interfaces/hook/cmake_prefix_path.dsv'
[2.847s] INFO:colcon.colcon_core.shell:Creating environment hook '/home/wky/MyWorkspace/arm_calib/install/arm_calibration_interfaces/share/arm_calibration_interfaces/hook/cmake_prefix_path.sh'
[2.847s] Level 1:colcon.colcon_core.environment:checking '/home/wky/MyWorkspace/arm_calib/install/arm_calibration_interfaces/lib'
[2.847s] Level 1:colcon.colcon_core.shell:create_environment_hook('arm_calibration_interfaces', 'ld_library_path_lib')
[2.847s] INFO:colcon.colcon_core.shell:Creating environment hook '/home/wky/MyWorkspace/arm_calib/install/arm_calibration_interfaces/share/arm_calibration_interfaces/hook/ld_library_path_lib.ps1'
[2.847s] INFO:colcon.colcon_core.shell:Creating environment descriptor '/home/wky/MyWorkspace/arm_calib/install/arm_calibration_interfaces/share/arm_calibration_interfaces/hook/ld_library_path_lib.dsv'
[2.847s] INFO:colcon.colcon_core.shell:Creating environment hook '/home/wky/MyWorkspace/arm_calib/install/arm_calibration_interfaces/share/arm_calibration_interfaces/hook/ld_library_path_lib.sh'
[2.847s] Level 1:colcon.colcon_core.environment:checking '/home/wky/MyWorkspace/arm_calib/install/arm_calibration_interfaces/bin'
[2.847s] Level 1:colcon.colcon_core.environment:checking '/home/wky/MyWorkspace/arm_calib/install/arm_calibration_interfaces/lib/pkgconfig/arm_calibration_interfaces.pc'
[2.848s] Level 1:colcon.colcon_core.environment:checking '/home/wky/MyWorkspace/arm_calib/install/arm_calibration_interfaces/lib/python3.10/site-packages'
[2.848s] Level 1:colcon.colcon_core.environment:checking '/home/wky/MyWorkspace/arm_calib/install/arm_calibration_interfaces/bin'
[2.848s] INFO:colcon.colcon_core.shell:Creating package script '/home/wky/MyWorkspace/arm_calib/install/arm_calibration_interfaces/share/arm_calibration_interfaces/package.ps1'
[2.848s] INFO:colcon.colcon_core.shell:Creating package descriptor '/home/wky/MyWorkspace/arm_calib/install/arm_calibration_interfaces/share/arm_calibration_interfaces/package.dsv'
[2.848s] INFO:colcon.colcon_core.shell:Creating package script '/home/wky/MyWorkspace/arm_calib/install/arm_calibration_interfaces/share/arm_calibration_interfaces/package.sh'
[2.848s] INFO:colcon.colcon_core.shell:Creating package script '/home/wky/MyWorkspace/arm_calib/install/arm_calibration_interfaces/share/arm_calibration_interfaces/package.bash'
[2.849s] INFO:colcon.colcon_core.shell:Creating package script '/home/wky/MyWorkspace/arm_calib/install/arm_calibration_interfaces/share/arm_calibration_interfaces/package.zsh'
[2.849s] Level 1:colcon.colcon_core.environment:create_file_with_runtime_dependencies(/home/wky/MyWorkspace/arm_calib/install/arm_calibration_interfaces/share/colcon-core/packages/arm_calibration_interfaces)
[2.849s] DEBUG:colcon.colcon_parallel_executor.executor.parallel:closing loop
[2.849s] DEBUG:colcon.colcon_parallel_executor.executor.parallel:loop closed
[2.849s] DEBUG:colcon.colcon_parallel_executor.executor.parallel:run_until_complete finished with '0'
[2.849s] DEBUG:colcon.colcon_core.event_reactor:joining thread
[2.854s] INFO:colcon.colcon_core.plugin_system:Skipping extension 'colcon_notification.desktop_notification.terminal_notifier': Not used on non-Darwin systems
[2.854s] INFO:colcon.colcon_core.plugin_system:Skipping extension 'colcon_notification.desktop_notification.win32': Not used on non-Windows systems
[2.854s] INFO:colcon.colcon_notification.desktop_notification:Sending desktop notification using 'notify2'
[2.861s] DEBUG:colcon.colcon_core.event_reactor:joined thread
[2.861s] INFO:colcon.colcon_core.shell:Creating prefix script '/home/wky/MyWorkspace/arm_calib/install/local_setup.ps1'
[2.862s] INFO:colcon.colcon_core.shell:Creating prefix util module '/home/wky/MyWorkspace/arm_calib/install/_local_setup_util_ps1.py'
[2.863s] INFO:colcon.colcon_core.shell:Creating prefix chain script '/home/wky/MyWorkspace/arm_calib/install/setup.ps1'
[2.864s] INFO:colcon.colcon_core.shell:Creating prefix script '/home/wky/MyWorkspace/arm_calib/install/local_setup.sh'
[2.864s] INFO:colcon.colcon_core.shell:Creating prefix util module '/home/wky/MyWorkspace/arm_calib/install/_local_setup_util_sh.py'
[2.865s] INFO:colcon.colcon_core.shell:Creating prefix chain script '/home/wky/MyWorkspace/arm_calib/install/setup.sh'
[2.866s] INFO:colcon.colcon_core.shell:Creating prefix script '/home/wky/MyWorkspace/arm_calib/install/local_setup.bash'
[2.866s] INFO:colcon.colcon_core.shell:Creating prefix chain script '/home/wky/MyWorkspace/arm_calib/install/setup.bash'
[2.867s] INFO:colcon.colcon_core.shell:Creating prefix script '/home/wky/MyWorkspace/arm_calib/install/local_setup.zsh'
[2.867s] INFO:colcon.colcon_core.shell:Creating prefix chain script '/home/wky/MyWorkspace/arm_calib/install/setup.zsh'
