[0.005s] Invoking command in '/home/wky/MyWorkspace/arm_calib/build/arm_calibration_interfaces': CMAKE_PREFIX_PATH=${CMAKE_PREFIX_PATH}:/home/wky/MyWorkspace/coludata_arm_control/install/visualization_control:/home/wky/MyWorkspace/coludata_arm_control/install/pyagx_arm_ros:/opt/ros/humble /usr/bin/cmake /home/wky/MyWorkspace/arm_calib/ros/arm_calibration_interfaces -DPython3_EXECUTABLE=/usr/bin/python3 -DPYTHON_EXECUTABLE=/usr/bin/python3 -DCMAKE_INSTALL_PREFIX=/home/wky/MyWorkspace/arm_calib/install/arm_calibration_interfaces
[0.052s] -- The C compiler identification is GNU 11.4.0
[0.101s] -- The CXX compiler identification is GNU 11.4.0
[0.105s] -- Detecting C compiler ABI info
[0.165s] -- Detecting C compiler ABI info - done
[0.174s] -- Check for working C compiler: /usr/bin/cc - skipped
[0.175s] -- Detecting C compile features
[0.176s] -- Detecting C compile features - done
[0.180s] -- Detecting CXX compiler ABI info
[0.254s] -- Detecting CXX compiler ABI info - done
[0.258s] -- Check for working CXX compiler: /usr/bin/c++ - skipped
[0.258s] -- Detecting CXX compile features
[0.258s] -- Detecting CXX compile features - done
[0.260s] -- Found ament_cmake: 1.3.14 (/opt/ros/humble/share/ament_cmake/cmake)
[0.384s] -- Found Python3: /usr/bin/python3 (found version "3.10.12") found components: Interpreter 
[0.444s] -- Found rosidl_default_generators: 1.2.1 (/opt/ros/humble/share/rosidl_default_generators/cmake)
[0.448s] -- Using all available rosidl_typesupport_c: rosidl_typesupport_fastrtps_c;rosidl_typesupport_introspection_c
[0.451s] -- Found rosidl_adapter: 3.1.8 (/opt/ros/humble/share/rosidl_adapter/cmake)
[0.472s] -- Using all available rosidl_typesupport_cpp: rosidl_typesupport_fastrtps_cpp;rosidl_typesupport_introspection_cpp
[0.490s] -- Found trajectory_msgs: 4.9.1 (/opt/ros/humble/share/trajectory_msgs/cmake)
[0.711s] -- Found ament_cmake_ros: 0.10.0 (/opt/ros/humble/share/ament_cmake_ros/cmake)
[0.885s] -- Using all available rosidl_typesupport_c: rosidl_typesupport_fastrtps_c;rosidl_typesupport_introspection_c
[1.103s] -- Using all available rosidl_typesupport_cpp: rosidl_typesupport_fastrtps_cpp;rosidl_typesupport_introspection_cpp
[1.126s] -- Found PythonInterp: /usr/bin/python3 (found suitable version "3.10.12", minimum required is "3.6") 
[1.126s] -- Found python_cmake_module: 0.10.0 (/opt/ros/humble/share/python_cmake_module/cmake)
[1.150s] -- Found PythonLibs: /usr/lib/x86_64-linux-gnu/libpython3.10.so (found suitable version "3.10.12", minimum required is "3.5") 
[1.150s] -- Using PYTHON_EXECUTABLE: /usr/bin/python3
[1.150s] -- Using PYTHON_INCLUDE_DIRS: /usr/include/python3.10
[1.150s] -- Using PYTHON_LIBRARIES: /usr/lib/x86_64-linux-gnu/libpython3.10.so
[1.169s] -- Found PythonExtra: .so  
[1.257s] -- Configuring done
[1.273s] -- Generating done
[1.279s] -- Build files have been written to: /home/wky/MyWorkspace/arm_calib/build/arm_calibration_interfaces
[1.284s] Invoked command in '/home/wky/MyWorkspace/arm_calib/build/arm_calibration_interfaces' returned '0': CMAKE_PREFIX_PATH=${CMAKE_PREFIX_PATH}:/home/wky/MyWorkspace/coludata_arm_control/install/visualization_control:/home/wky/MyWorkspace/coludata_arm_control/install/pyagx_arm_ros:/opt/ros/humble /usr/bin/cmake /home/wky/MyWorkspace/arm_calib/ros/arm_calibration_interfaces -DPython3_EXECUTABLE=/usr/bin/python3 -DPYTHON_EXECUTABLE=/usr/bin/python3 -DCMAKE_INSTALL_PREFIX=/home/wky/MyWorkspace/arm_calib/install/arm_calibration_interfaces
[1.285s] Invoking command in '/home/wky/MyWorkspace/arm_calib/build/arm_calibration_interfaces': CMAKE_PREFIX_PATH=${CMAKE_PREFIX_PATH}:/home/wky/MyWorkspace/coludata_arm_control/install/visualization_control:/home/wky/MyWorkspace/coludata_arm_control/install/pyagx_arm_ros:/opt/ros/humble /usr/bin/cmake --build /home/wky/MyWorkspace/arm_calib/build/arm_calibration_interfaces -- -j28 -l28
[1.318s] [  3%] [34m[1mGenerating C code for ROS interfaces[0m
[1.326s] [  6%] [34m[1mGenerating C++ code for ROS interfaces[0m
[1.326s] [  9%] [34m[1mGenerating Rust code for ROS interfaces[0m
[1.332s] [  9%] Built target ament_cmake_python_copy_arm_calibration_interfaces
[1.439s] running egg_info
[1.439s] creating arm_calibration_interfaces.egg-info
[1.439s] writing arm_calibration_interfaces.egg-info/PKG-INFO
[1.439s] writing dependency_links to arm_calibration_interfaces.egg-info/dependency_links.txt
[1.439s] writing top-level names to arm_calibration_interfaces.egg-info/top_level.txt
[1.439s] writing manifest file 'arm_calibration_interfaces.egg-info/SOURCES.txt'
[1.440s] reading manifest file 'arm_calibration_interfaces.egg-info/SOURCES.txt'
[1.440s] writing manifest file 'arm_calibration_interfaces.egg-info/SOURCES.txt'
[1.454s] [  9%] Built target ament_cmake_python_build_arm_calibration_interfaces_egg
[1.457s] [  9%] Built target arm_calibration_interfaces__rs
[1.520s] [  9%] Built target arm_calibration_interfaces__cpp
[1.527s] [ 18%] [34m[1mGenerating C++ type support for eProsima Fast-RTPS[0m
[1.527s] [ 18%] [34m[1mGenerating C++ type support dispatch for ROS interfaces[0m
[1.527s] [ 18%] [34m[1mGenerating C++ introspection for ROS interfaces[0m
[1.528s] [ 21%] [32mBuilding C object CMakeFiles/arm_calibration_interfaces__rosidl_generator_c.dir/rosidl_generator_c/arm_calibration_interfaces/action/detail/servo_j__functions.c.o[0m
[1.591s] [ 25%] [32m[1mLinking C shared library libarm_calibration_interfaces__rosidl_generator_c.so[0m
[1.615s] [ 25%] Built target arm_calibration_interfaces__rosidl_generator_c
[1.623s] [ 28%] [34m[1mGenerating C type support dispatch for ROS interfaces[0m
[1.623s] [ 34%] [34m[1mGenerating C type support for eProsima Fast-RTPS[0m
[1.623s] [ 34%] [34m[1mGenerating C introspection for ROS interfaces[0m
[1.667s] [ 37%] [32mBuilding CXX object CMakeFiles/arm_calibration_interfaces__rosidl_typesupport_cpp.dir/rosidl_typesupport_cpp/arm_calibration_interfaces/action/servo_j__type_support.cpp.o[0m
[1.687s] [ 40%] [32mBuilding CXX object CMakeFiles/arm_calibration_interfaces__rosidl_typesupport_introspection_cpp.dir/rosidl_typesupport_introspection_cpp/arm_calibration_interfaces/action/detail/servo_j__type_support.cpp.o[0m
[1.712s] [ 43%] [32mBuilding CXX object CMakeFiles/arm_calibration_interfaces__rosidl_typesupport_fastrtps_cpp.dir/rosidl_typesupport_fastrtps_cpp/arm_calibration_interfaces/action/detail/dds_fastrtps/servo_j__type_support.cpp.o[0m
[1.770s] [ 46%] [32mBuilding CXX object CMakeFiles/arm_calibration_interfaces__rosidl_typesupport_c.dir/rosidl_typesupport_c/arm_calibration_interfaces/action/servo_j__type_support.cpp.o[0m
[1.799s] [ 50%] [32m[1mLinking CXX shared library libarm_calibration_interfaces__rosidl_typesupport_c.so[0m
[1.801s] [ 53%] [32mBuilding C object CMakeFiles/arm_calibration_interfaces__rosidl_typesupport_introspection_c.dir/rosidl_typesupport_introspection_c/arm_calibration_interfaces/action/detail/servo_j__type_support.c.o[0m
[1.808s] [ 56%] [32mBuilding CXX object CMakeFiles/arm_calibration_interfaces__rosidl_typesupport_fastrtps_c.dir/rosidl_typesupport_fastrtps_c/arm_calibration_interfaces/action/detail/servo_j__type_support_c.cpp.o[0m
[1.832s] [ 56%] Built target arm_calibration_interfaces__rosidl_typesupport_c
[1.835s] [ 59%] [32m[1mLinking C shared library libarm_calibration_interfaces__rosidl_typesupport_introspection_c.so[0m
[1.851s] [ 62%] [32m[1mLinking CXX shared library libarm_calibration_interfaces__rosidl_typesupport_cpp.so[0m
[1.856s] [ 62%] Built target arm_calibration_interfaces__rosidl_typesupport_introspection_c
[1.878s] [ 62%] Built target arm_calibration_interfaces__rosidl_typesupport_cpp
[1.957s] [ 65%] [32m[1mLinking CXX shared library libarm_calibration_interfaces__rosidl_typesupport_introspection_cpp.so[0m
[1.973s] [ 68%] [32m[1mLinking CXX shared library libarm_calibration_interfaces__rosidl_typesupport_fastrtps_cpp.so[0m
[1.983s] [ 71%] [32m[1mLinking CXX shared library libarm_calibration_interfaces__rosidl_typesupport_fastrtps_c.so[0m
[2.000s] [ 71%] Built target arm_calibration_interfaces__rosidl_typesupport_introspection_cpp
[2.025s] [ 71%] Built target arm_calibration_interfaces__rosidl_typesupport_fastrtps_cpp
[2.027s] [ 71%] Built target arm_calibration_interfaces__rosidl_typesupport_fastrtps_c
[2.040s] [ 71%] Built target arm_calibration_interfaces
[2.053s] [ 75%] [34m[1mGenerating Python code for ROS interfaces[0m
[2.369s] [ 75%] Built target arm_calibration_interfaces__py
[2.384s] [ 78%] [32mBuilding C object CMakeFiles/arm_calibration_interfaces__rosidl_generator_py.dir/rosidl_generator_py/arm_calibration_interfaces/action/_servo_j_s.c.o[0m
[2.461s] [ 81%] [32m[1mLinking C shared library rosidl_generator_py/arm_calibration_interfaces/libarm_calibration_interfaces__rosidl_generator_py.so[0m
[2.499s] [ 81%] Built target arm_calibration_interfaces__rosidl_generator_py
[2.521s] [ 84%] [32mBuilding C object CMakeFiles/arm_calibration_interfaces__rosidl_typesupport_introspection_c__pyext.dir/rosidl_generator_py/arm_calibration_interfaces/_arm_calibration_interfaces_s.ep.rosidl_typesupport_introspection_c.c.o[0m
[2.522s] [ 87%] [32mBuilding C object CMakeFiles/arm_calibration_interfaces__rosidl_typesupport_c__pyext.dir/rosidl_generator_py/arm_calibration_interfaces/_arm_calibration_interfaces_s.ep.rosidl_typesupport_c.c.o[0m
[2.522s] [ 90%] [32mBuilding C object CMakeFiles/arm_calibration_interfaces__rosidl_typesupport_fastrtps_c__pyext.dir/rosidl_generator_py/arm_calibration_interfaces/_arm_calibration_interfaces_s.ep.rosidl_typesupport_fastrtps_c.c.o[0m
[2.579s] [ 93%] [32m[1mLinking C shared library rosidl_generator_py/arm_calibration_interfaces/arm_calibration_interfaces_s__rosidl_typesupport_introspection_c.cpython-310-x86_64-linux-gnu.so[0m
[2.580s] [ 96%] [32m[1mLinking C shared library rosidl_generator_py/arm_calibration_interfaces/arm_calibration_interfaces_s__rosidl_typesupport_c.cpython-310-x86_64-linux-gnu.so[0m
[2.587s] [100%] [32m[1mLinking C shared library rosidl_generator_py/arm_calibration_interfaces/arm_calibration_interfaces_s__rosidl_typesupport_fastrtps_c.cpython-310-x86_64-linux-gnu.so[0m
[2.611s] [100%] Built target arm_calibration_interfaces__rosidl_typesupport_introspection_c__pyext
[2.612s] [100%] Built target arm_calibration_interfaces__rosidl_typesupport_c__pyext
[2.614s] [100%] Built target arm_calibration_interfaces__rosidl_typesupport_fastrtps_c__pyext
[2.622s] Invoked command in '/home/wky/MyWorkspace/arm_calib/build/arm_calibration_interfaces' returned '0': CMAKE_PREFIX_PATH=${CMAKE_PREFIX_PATH}:/home/wky/MyWorkspace/coludata_arm_control/install/visualization_control:/home/wky/MyWorkspace/coludata_arm_control/install/pyagx_arm_ros:/opt/ros/humble /usr/bin/cmake --build /home/wky/MyWorkspace/arm_calib/build/arm_calibration_interfaces -- -j28 -l28
[2.628s] Invoking command in '/home/wky/MyWorkspace/arm_calib/build/arm_calibration_interfaces': CMAKE_PREFIX_PATH=${CMAKE_PREFIX_PATH}:/home/wky/MyWorkspace/coludata_arm_control/install/visualization_control:/home/wky/MyWorkspace/coludata_arm_control/install/pyagx_arm_ros:/opt/ros/humble /usr/bin/cmake --install /home/wky/MyWorkspace/arm_calib/build/arm_calibration_interfaces
[2.633s] -- Install configuration: ""
[2.634s] -- Installing: /home/wky/MyWorkspace/arm_calib/install/arm_calibration_interfaces/share/ament_index/resource_index/rosidl_interfaces/arm_calibration_interfaces
[2.634s] -- Installing: /home/wky/MyWorkspace/arm_calib/install/arm_calibration_interfaces/include/arm_calibration_interfaces/arm_calibration_interfaces
[2.634s] -- Installing: /home/wky/MyWorkspace/arm_calib/install/arm_calibration_interfaces/include/arm_calibration_interfaces/arm_calibration_interfaces/msg
[2.634s] -- Installing: /home/wky/MyWorkspace/arm_calib/install/arm_calibration_interfaces/include/arm_calibration_interfaces/arm_calibration_interfaces/msg/rosidl_generator_c__visibility_control.h
[2.634s] -- Installing: /home/wky/MyWorkspace/arm_calib/install/arm_calibration_interfaces/include/arm_calibration_interfaces/arm_calibration_interfaces/action
[2.634s] -- Installing: /home/wky/MyWorkspace/arm_calib/install/arm_calibration_interfaces/include/arm_calibration_interfaces/arm_calibration_interfaces/action/detail
[2.634s] -- Installing: /home/wky/MyWorkspace/arm_calib/install/arm_calibration_interfaces/include/arm_calibration_interfaces/arm_calibration_interfaces/action/detail/servo_j__functions.h
[2.634s] -- Installing: /home/wky/MyWorkspace/arm_calib/install/arm_calibration_interfaces/include/arm_calibration_interfaces/arm_calibration_interfaces/action/detail/servo_j__type_support.h
[2.634s] -- Installing: /home/wky/MyWorkspace/arm_calib/install/arm_calibration_interfaces/include/arm_calibration_interfaces/arm_calibration_interfaces/action/detail/servo_j__functions.c
[2.634s] -- Installing: /home/wky/MyWorkspace/arm_calib/install/arm_calibration_interfaces/include/arm_calibration_interfaces/arm_calibration_interfaces/action/detail/servo_j__struct.h
[2.634s] -- Installing: /home/wky/MyWorkspace/arm_calib/install/arm_calibration_interfaces/include/arm_calibration_interfaces/arm_calibration_interfaces/action/servo_j.h
[2.634s] -- Installing: /home/wky/MyWorkspace/arm_calib/install/arm_calibration_interfaces/share/arm_calibration_interfaces/environment/library_path.sh
[2.634s] -- Installing: /home/wky/MyWorkspace/arm_calib/install/arm_calibration_interfaces/share/arm_calibration_interfaces/environment/library_path.dsv
[2.634s] -- Installing: /home/wky/MyWorkspace/arm_calib/install/arm_calibration_interfaces/lib/libarm_calibration_interfaces__rosidl_generator_c.so
[2.634s] -- Set runtime path of "/home/wky/MyWorkspace/arm_calib/install/arm_calibration_interfaces/lib/libarm_calibration_interfaces__rosidl_generator_c.so" to ""
[2.634s] -- Up-to-date: /home/wky/MyWorkspace/arm_calib/install/arm_calibration_interfaces/include/arm_calibration_interfaces/arm_calibration_interfaces
[2.634s] -- Up-to-date: /home/wky/MyWorkspace/arm_calib/install/arm_calibration_interfaces/include/arm_calibration_interfaces/arm_calibration_interfaces/msg
[2.634s] -- Installing: /home/wky/MyWorkspace/arm_calib/install/arm_calibration_interfaces/include/arm_calibration_interfaces/arm_calibration_interfaces/msg/rosidl_typesupport_fastrtps_c__visibility_control.h
[2.635s] -- Up-to-date: /home/wky/MyWorkspace/arm_calib/install/arm_calibration_interfaces/include/arm_calibration_interfaces/arm_calibration_interfaces/action
[2.635s] -- Up-to-date: /home/wky/MyWorkspace/arm_calib/install/arm_calibration_interfaces/include/arm_calibration_interfaces/arm_calibration_interfaces/action/detail
[2.635s] -- Installing: /home/wky/MyWorkspace/arm_calib/install/arm_calibration_interfaces/include/arm_calibration_interfaces/arm_calibration_interfaces/action/detail/servo_j__rosidl_typesupport_fastrtps_c.h
[2.635s] -- Installing: /home/wky/MyWorkspace/arm_calib/install/arm_calibration_interfaces/lib/libarm_calibration_interfaces__rosidl_typesupport_fastrtps_c.so
[2.635s] -- Set runtime path of "/home/wky/MyWorkspace/arm_calib/install/arm_calibration_interfaces/lib/libarm_calibration_interfaces__rosidl_typesupport_fastrtps_c.so" to ""
[2.635s] -- Up-to-date: /home/wky/MyWorkspace/arm_calib/install/arm_calibration_interfaces/include/arm_calibration_interfaces/arm_calibration_interfaces
[2.635s] -- Up-to-date: /home/wky/MyWorkspace/arm_calib/install/arm_calibration_interfaces/include/arm_calibration_interfaces/arm_calibration_interfaces/msg
[2.635s] -- Installing: /home/wky/MyWorkspace/arm_calib/install/arm_calibration_interfaces/include/arm_calibration_interfaces/arm_calibration_interfaces/msg/rosidl_typesupport_introspection_c__visibility_control.h
[2.635s] -- Up-to-date: /home/wky/MyWorkspace/arm_calib/install/arm_calibration_interfaces/include/arm_calibration_interfaces/arm_calibration_interfaces/action
[2.635s] -- Up-to-date: /home/wky/MyWorkspace/arm_calib/install/arm_calibration_interfaces/include/arm_calibration_interfaces/arm_calibration_interfaces/action/detail
[2.635s] -- Installing: /home/wky/MyWorkspace/arm_calib/install/arm_calibration_interfaces/include/arm_calibration_interfaces/arm_calibration_interfaces/action/detail/servo_j__rosidl_typesupport_introspection_c.h
[2.635s] -- Installing: /home/wky/MyWorkspace/arm_calib/install/arm_calibration_interfaces/include/arm_calibration_interfaces/arm_calibration_interfaces/action/detail/servo_j__type_support.c
[2.635s] -- Installing: /home/wky/MyWorkspace/arm_calib/install/arm_calibration_interfaces/lib/libarm_calibration_interfaces__rosidl_typesupport_introspection_c.so
[2.635s] -- Set runtime path of "/home/wky/MyWorkspace/arm_calib/install/arm_calibration_interfaces/lib/libarm_calibration_interfaces__rosidl_typesupport_introspection_c.so" to ""
[2.635s] -- Installing: /home/wky/MyWorkspace/arm_calib/install/arm_calibration_interfaces/lib/libarm_calibration_interfaces__rosidl_typesupport_c.so
[2.635s] -- Set runtime path of "/home/wky/MyWorkspace/arm_calib/install/arm_calibration_interfaces/lib/libarm_calibration_interfaces__rosidl_typesupport_c.so" to ""
[2.635s] -- Up-to-date: /home/wky/MyWorkspace/arm_calib/install/arm_calibration_interfaces/include/arm_calibration_interfaces/arm_calibration_interfaces
[2.635s] -- Up-to-date: /home/wky/MyWorkspace/arm_calib/install/arm_calibration_interfaces/include/arm_calibration_interfaces/arm_calibration_interfaces/msg
[2.635s] -- Installing: /home/wky/MyWorkspace/arm_calib/install/arm_calibration_interfaces/include/arm_calibration_interfaces/arm_calibration_interfaces/msg/rosidl_generator_cpp__visibility_control.hpp
[2.635s] -- Up-to-date: /home/wky/MyWorkspace/arm_calib/install/arm_calibration_interfaces/include/arm_calibration_interfaces/arm_calibration_interfaces/action
[2.636s] -- Up-to-date: /home/wky/MyWorkspace/arm_calib/install/arm_calibration_interfaces/include/arm_calibration_interfaces/arm_calibration_interfaces/action/detail
[2.636s] -- Installing: /home/wky/MyWorkspace/arm_calib/install/arm_calibration_interfaces/include/arm_calibration_interfaces/arm_calibration_interfaces/action/detail/servo_j__traits.hpp
[2.636s] -- Installing: /home/wky/MyWorkspace/arm_calib/install/arm_calibration_interfaces/include/arm_calibration_interfaces/arm_calibration_interfaces/action/detail/servo_j__struct.hpp
[2.636s] -- Installing: /home/wky/MyWorkspace/arm_calib/install/arm_calibration_interfaces/include/arm_calibration_interfaces/arm_calibration_interfaces/action/detail/servo_j__type_support.hpp
[2.636s] -- Installing: /home/wky/MyWorkspace/arm_calib/install/arm_calibration_interfaces/include/arm_calibration_interfaces/arm_calibration_interfaces/action/detail/servo_j__builder.hpp
[2.636s] -- Installing: /home/wky/MyWorkspace/arm_calib/install/arm_calibration_interfaces/include/arm_calibration_interfaces/arm_calibration_interfaces/action/servo_j.hpp
[2.636s] -- Up-to-date: /home/wky/MyWorkspace/arm_calib/install/arm_calibration_interfaces/include/arm_calibration_interfaces/arm_calibration_interfaces
[2.636s] -- Up-to-date: /home/wky/MyWorkspace/arm_calib/install/arm_calibration_interfaces/include/arm_calibration_interfaces/arm_calibration_interfaces/msg
[2.636s] -- Installing: /home/wky/MyWorkspace/arm_calib/install/arm_calibration_interfaces/include/arm_calibration_interfaces/arm_calibration_interfaces/msg/rosidl_typesupport_fastrtps_cpp__visibility_control.h
[2.636s] -- Up-to-date: /home/wky/MyWorkspace/arm_calib/install/arm_calibration_interfaces/include/arm_calibration_interfaces/arm_calibration_interfaces/action
[2.636s] -- Up-to-date: /home/wky/MyWorkspace/arm_calib/install/arm_calibration_interfaces/include/arm_calibration_interfaces/arm_calibration_interfaces/action/detail
[2.636s] -- Installing: /home/wky/MyWorkspace/arm_calib/install/arm_calibration_interfaces/include/arm_calibration_interfaces/arm_calibration_interfaces/action/detail/dds_fastrtps
[2.636s] -- Installing: /home/wky/MyWorkspace/arm_calib/install/arm_calibration_interfaces/include/arm_calibration_interfaces/arm_calibration_interfaces/action/detail/servo_j__rosidl_typesupport_fastrtps_cpp.hpp
[2.636s] -- Installing: /home/wky/MyWorkspace/arm_calib/install/arm_calibration_interfaces/lib/libarm_calibration_interfaces__rosidl_typesupport_fastrtps_cpp.so
[2.636s] -- Set runtime path of "/home/wky/MyWorkspace/arm_calib/install/arm_calibration_interfaces/lib/libarm_calibration_interfaces__rosidl_typesupport_fastrtps_cpp.so" to ""
[2.636s] -- Up-to-date: /home/wky/MyWorkspace/arm_calib/install/arm_calibration_interfaces/include/arm_calibration_interfaces/arm_calibration_interfaces
[2.636s] -- Up-to-date: /home/wky/MyWorkspace/arm_calib/install/arm_calibration_interfaces/include/arm_calibration_interfaces/arm_calibration_interfaces/action
[2.636s] -- Up-to-date: /home/wky/MyWorkspace/arm_calib/install/arm_calibration_interfaces/include/arm_calibration_interfaces/arm_calibration_interfaces/action/detail
[2.636s] -- Installing: /home/wky/MyWorkspace/arm_calib/install/arm_calibration_interfaces/include/arm_calibration_interfaces/arm_calibration_interfaces/action/detail/servo_j__rosidl_typesupport_introspection_cpp.hpp
[2.636s] -- Installing: /home/wky/MyWorkspace/arm_calib/install/arm_calibration_interfaces/include/arm_calibration_interfaces/arm_calibration_interfaces/action/detail/servo_j__type_support.cpp
[2.637s] -- Installing: /home/wky/MyWorkspace/arm_calib/install/arm_calibration_interfaces/lib/libarm_calibration_interfaces__rosidl_typesupport_introspection_cpp.so
[2.637s] -- Set runtime path of "/home/wky/MyWorkspace/arm_calib/install/arm_calibration_interfaces/lib/libarm_calibration_interfaces__rosidl_typesupport_introspection_cpp.so" to ""
[2.637s] -- Installing: /home/wky/MyWorkspace/arm_calib/install/arm_calibration_interfaces/lib/libarm_calibration_interfaces__rosidl_typesupport_cpp.so
[2.637s] -- Set runtime path of "/home/wky/MyWorkspace/arm_calib/install/arm_calibration_interfaces/lib/libarm_calibration_interfaces__rosidl_typesupport_cpp.so" to ""
[2.637s] -- Installing: /home/wky/MyWorkspace/arm_calib/install/arm_calibration_interfaces/share/arm_calibration_interfaces/environment/pythonpath.sh
[2.637s] -- Installing: /home/wky/MyWorkspace/arm_calib/install/arm_calibration_interfaces/share/arm_calibration_interfaces/environment/pythonpath.dsv
[2.637s] -- Installing: /home/wky/MyWorkspace/arm_calib/install/arm_calibration_interfaces/local/lib/python3.10/dist-packages/arm_calibration_interfaces-0.1.0-py3.10.egg-info
[2.637s] -- Installing: /home/wky/MyWorkspace/arm_calib/install/arm_calibration_interfaces/local/lib/python3.10/dist-packages/arm_calibration_interfaces-0.1.0-py3.10.egg-info/dependency_links.txt
[2.637s] -- Installing: /home/wky/MyWorkspace/arm_calib/install/arm_calibration_interfaces/local/lib/python3.10/dist-packages/arm_calibration_interfaces-0.1.0-py3.10.egg-info/PKG-INFO
[2.637s] -- Installing: /home/wky/MyWorkspace/arm_calib/install/arm_calibration_interfaces/local/lib/python3.10/dist-packages/arm_calibration_interfaces-0.1.0-py3.10.egg-info/top_level.txt
[2.637s] -- Installing: /home/wky/MyWorkspace/arm_calib/install/arm_calibration_interfaces/local/lib/python3.10/dist-packages/arm_calibration_interfaces-0.1.0-py3.10.egg-info/SOURCES.txt
[2.637s] -- Installing: /home/wky/MyWorkspace/arm_calib/install/arm_calibration_interfaces/local/lib/python3.10/dist-packages/arm_calibration_interfaces
[2.637s] -- Installing: /home/wky/MyWorkspace/arm_calib/install/arm_calibration_interfaces/local/lib/python3.10/dist-packages/arm_calibration_interfaces/_arm_calibration_interfaces_s.ep.rosidl_typesupport_c.c
[2.637s] -- Installing: /home/wky/MyWorkspace/arm_calib/install/arm_calibration_interfaces/local/lib/python3.10/dist-packages/arm_calibration_interfaces/_arm_calibration_interfaces_s.ep.rosidl_typesupport_fastrtps_c.c
[2.637s] -- Installing: /home/wky/MyWorkspace/arm_calib/install/arm_calibration_interfaces/local/lib/python3.10/dist-packages/arm_calibration_interfaces/__init__.py
[2.637s] -- Installing: /home/wky/MyWorkspace/arm_calib/install/arm_calibration_interfaces/local/lib/python3.10/dist-packages/arm_calibration_interfaces/_arm_calibration_interfaces_s.ep.rosidl_typesupport_introspection_c.c
[2.637s] -- Installing: /home/wky/MyWorkspace/arm_calib/install/arm_calibration_interfaces/local/lib/python3.10/dist-packages/arm_calibration_interfaces/arm_calibration_interfaces_s__rosidl_typesupport_c.cpython-310-x86_64-linux-gnu.so
[2.637s] -- Installing: /home/wky/MyWorkspace/arm_calib/install/arm_calibration_interfaces/local/lib/python3.10/dist-packages/arm_calibration_interfaces/arm_calibration_interfaces_s__rosidl_typesupport_fastrtps_c.cpython-310-x86_64-linux-gnu.so
[2.637s] -- Installing: /home/wky/MyWorkspace/arm_calib/install/arm_calibration_interfaces/local/lib/python3.10/dist-packages/arm_calibration_interfaces/libarm_calibration_interfaces__rosidl_generator_py.so
[2.637s] -- Installing: /home/wky/MyWorkspace/arm_calib/install/arm_calibration_interfaces/local/lib/python3.10/dist-packages/arm_calibration_interfaces/arm_calibration_interfaces_s__rosidl_typesupport_introspection_c.cpython-310-x86_64-linux-gnu.so
[2.637s] -- Installing: /home/wky/MyWorkspace/arm_calib/install/arm_calibration_interfaces/local/lib/python3.10/dist-packages/arm_calibration_interfaces/action
[2.638s] -- Installing: /home/wky/MyWorkspace/arm_calib/install/arm_calibration_interfaces/local/lib/python3.10/dist-packages/arm_calibration_interfaces/action/__init__.py
[2.638s] -- Installing: /home/wky/MyWorkspace/arm_calib/install/arm_calibration_interfaces/local/lib/python3.10/dist-packages/arm_calibration_interfaces/action/_servo_j.py
[2.638s] -- Installing: /home/wky/MyWorkspace/arm_calib/install/arm_calibration_interfaces/local/lib/python3.10/dist-packages/arm_calibration_interfaces/action/_servo_j_s.c
[2.664s] Listing '/home/wky/MyWorkspace/arm_calib/install/arm_calibration_interfaces/local/lib/python3.10/dist-packages/arm_calibration_interfaces'...
[2.664s] Compiling '/home/wky/MyWorkspace/arm_calib/install/arm_calibration_interfaces/local/lib/python3.10/dist-packages/arm_calibration_interfaces/__init__.py'...
[2.665s] Listing '/home/wky/MyWorkspace/arm_calib/install/arm_calibration_interfaces/local/lib/python3.10/dist-packages/arm_calibration_interfaces/action'...
[2.665s] Compiling '/home/wky/MyWorkspace/arm_calib/install/arm_calibration_interfaces/local/lib/python3.10/dist-packages/arm_calibration_interfaces/action/__init__.py'...
[2.665s] Compiling '/home/wky/MyWorkspace/arm_calib/install/arm_calibration_interfaces/local/lib/python3.10/dist-packages/arm_calibration_interfaces/action/_servo_j.py'...
[2.666s] -- Installing: /home/wky/MyWorkspace/arm_calib/install/arm_calibration_interfaces/local/lib/python3.10/dist-packages/arm_calibration_interfaces/arm_calibration_interfaces_s__rosidl_typesupport_fastrtps_c.cpython-310-x86_64-linux-gnu.so
[2.667s] -- Set runtime path of "/home/wky/MyWorkspace/arm_calib/install/arm_calibration_interfaces/local/lib/python3.10/dist-packages/arm_calibration_interfaces/arm_calibration_interfaces_s__rosidl_typesupport_fastrtps_c.cpython-310-x86_64-linux-gnu.so" to ""
[2.667s] -- Installing: /home/wky/MyWorkspace/arm_calib/install/arm_calibration_interfaces/local/lib/python3.10/dist-packages/arm_calibration_interfaces/arm_calibration_interfaces_s__rosidl_typesupport_introspection_c.cpython-310-x86_64-linux-gnu.so
[2.667s] -- Set runtime path of "/home/wky/MyWorkspace/arm_calib/install/arm_calibration_interfaces/local/lib/python3.10/dist-packages/arm_calibration_interfaces/arm_calibration_interfaces_s__rosidl_typesupport_introspection_c.cpython-310-x86_64-linux-gnu.so" to ""
[2.667s] -- Installing: /home/wky/MyWorkspace/arm_calib/install/arm_calibration_interfaces/local/lib/python3.10/dist-packages/arm_calibration_interfaces/arm_calibration_interfaces_s__rosidl_typesupport_c.cpython-310-x86_64-linux-gnu.so
[2.667s] -- Set runtime path of "/home/wky/MyWorkspace/arm_calib/install/arm_calibration_interfaces/local/lib/python3.10/dist-packages/arm_calibration_interfaces/arm_calibration_interfaces_s__rosidl_typesupport_c.cpython-310-x86_64-linux-gnu.so" to ""
[2.667s] -- Installing: /home/wky/MyWorkspace/arm_calib/install/arm_calibration_interfaces/lib/libarm_calibration_interfaces__rosidl_generator_py.so
[2.667s] -- Set runtime path of "/home/wky/MyWorkspace/arm_calib/install/arm_calibration_interfaces/lib/libarm_calibration_interfaces__rosidl_generator_py.so" to ""
[2.667s] -- Installing: /home/wky/MyWorkspace/arm_calib/install/arm_calibration_interfaces/share/ament_index/resource_index/rust_packages/arm_calibration_interfaces
[2.667s] -- Installing: /home/wky/MyWorkspace/arm_calib/install/arm_calibration_interfaces/share/arm_calibration_interfaces/rust
[2.667s] -- Installing: /home/wky/MyWorkspace/arm_calib/install/arm_calibration_interfaces/share/arm_calibration_interfaces/rust/Cargo.toml
[2.667s] -- Installing: /home/wky/MyWorkspace/arm_calib/install/arm_calibration_interfaces/share/arm_calibration_interfaces/rust/build.rs
[2.667s] -- Installing: /home/wky/MyWorkspace/arm_calib/install/arm_calibration_interfaces/share/arm_calibration_interfaces/rust/src
[2.667s] -- Installing: /home/wky/MyWorkspace/arm_calib/install/arm_calibration_interfaces/share/arm_calibration_interfaces/rust/src/action.rs
[2.667s] -- Installing: /home/wky/MyWorkspace/arm_calib/install/arm_calibration_interfaces/share/arm_calibration_interfaces/rust/src/lib.rs
[2.668s] -- Installing: /home/wky/MyWorkspace/arm_calib/install/arm_calibration_interfaces/share/arm_calibration_interfaces/rust/src/action
[2.668s] -- Installing: /home/wky/MyWorkspace/arm_calib/install/arm_calibration_interfaces/share/arm_calibration_interfaces/rust/src/action/rmw.rs
[2.668s] -- Installing: /home/wky/MyWorkspace/arm_calib/install/arm_calibration_interfaces/share/arm_calibration_interfaces/action/ServoJ.idl
[2.668s] -- Installing: /home/wky/MyWorkspace/arm_calib/install/arm_calibration_interfaces/share/arm_calibration_interfaces/action/ServoJ.action
[2.668s] -- Installing: /home/wky/MyWorkspace/arm_calib/install/arm_calibration_interfaces/share/ament_index/resource_index/package_run_dependencies/arm_calibration_interfaces
[2.668s] -- Installing: /home/wky/MyWorkspace/arm_calib/install/arm_calibration_interfaces/share/ament_index/resource_index/parent_prefix_path/arm_calibration_interfaces
[2.668s] -- Installing: /home/wky/MyWorkspace/arm_calib/install/arm_calibration_interfaces/share/arm_calibration_interfaces/environment/ament_prefix_path.sh
[2.668s] -- Installing: /home/wky/MyWorkspace/arm_calib/install/arm_calibration_interfaces/share/arm_calibration_interfaces/environment/ament_prefix_path.dsv
[2.668s] -- Installing: /home/wky/MyWorkspace/arm_calib/install/arm_calibration_interfaces/share/arm_calibration_interfaces/environment/path.sh
[2.668s] -- Installing: /home/wky/MyWorkspace/arm_calib/install/arm_calibration_interfaces/share/arm_calibration_interfaces/environment/path.dsv
[2.668s] -- Installing: /home/wky/MyWorkspace/arm_calib/install/arm_calibration_interfaces/share/arm_calibration_interfaces/local_setup.bash
[2.668s] -- Installing: /home/wky/MyWorkspace/arm_calib/install/arm_calibration_interfaces/share/arm_calibration_interfaces/local_setup.sh
[2.668s] -- Installing: /home/wky/MyWorkspace/arm_calib/install/arm_calibration_interfaces/share/arm_calibration_interfaces/local_setup.zsh
[2.668s] -- Installing: /home/wky/MyWorkspace/arm_calib/install/arm_calibration_interfaces/share/arm_calibration_interfaces/local_setup.dsv
[2.668s] -- Installing: /home/wky/MyWorkspace/arm_calib/install/arm_calibration_interfaces/share/arm_calibration_interfaces/package.dsv
[2.668s] -- Installing: /home/wky/MyWorkspace/arm_calib/install/arm_calibration_interfaces/share/ament_index/resource_index/packages/arm_calibration_interfaces
[2.668s] -- Installing: /home/wky/MyWorkspace/arm_calib/install/arm_calibration_interfaces/share/arm_calibration_interfaces/cmake/export_arm_calibration_interfaces__rosidl_generator_cExport.cmake
[2.668s] -- Installing: /home/wky/MyWorkspace/arm_calib/install/arm_calibration_interfaces/share/arm_calibration_interfaces/cmake/export_arm_calibration_interfaces__rosidl_generator_cExport-noconfig.cmake
[2.668s] -- Installing: /home/wky/MyWorkspace/arm_calib/install/arm_calibration_interfaces/share/arm_calibration_interfaces/cmake/export_arm_calibration_interfaces__rosidl_typesupport_fastrtps_cExport.cmake
[2.669s] -- Installing: /home/wky/MyWorkspace/arm_calib/install/arm_calibration_interfaces/share/arm_calibration_interfaces/cmake/export_arm_calibration_interfaces__rosidl_typesupport_fastrtps_cExport-noconfig.cmake
[2.669s] -- Installing: /home/wky/MyWorkspace/arm_calib/install/arm_calibration_interfaces/share/arm_calibration_interfaces/cmake/arm_calibration_interfaces__rosidl_typesupport_introspection_cExport.cmake
[2.669s] -- Installing: /home/wky/MyWorkspace/arm_calib/install/arm_calibration_interfaces/share/arm_calibration_interfaces/cmake/arm_calibration_interfaces__rosidl_typesupport_introspection_cExport-noconfig.cmake
[2.669s] -- Installing: /home/wky/MyWorkspace/arm_calib/install/arm_calibration_interfaces/share/arm_calibration_interfaces/cmake/arm_calibration_interfaces__rosidl_typesupport_cExport.cmake
[2.669s] -- Installing: /home/wky/MyWorkspace/arm_calib/install/arm_calibration_interfaces/share/arm_calibration_interfaces/cmake/arm_calibration_interfaces__rosidl_typesupport_cExport-noconfig.cmake
[2.669s] -- Installing: /home/wky/MyWorkspace/arm_calib/install/arm_calibration_interfaces/share/arm_calibration_interfaces/cmake/export_arm_calibration_interfaces__rosidl_generator_cppExport.cmake
[2.669s] -- Installing: /home/wky/MyWorkspace/arm_calib/install/arm_calibration_interfaces/share/arm_calibration_interfaces/cmake/export_arm_calibration_interfaces__rosidl_typesupport_fastrtps_cppExport.cmake
[2.669s] -- Installing: /home/wky/MyWorkspace/arm_calib/install/arm_calibration_interfaces/share/arm_calibration_interfaces/cmake/export_arm_calibration_interfaces__rosidl_typesupport_fastrtps_cppExport-noconfig.cmake
[2.669s] -- Installing: /home/wky/MyWorkspace/arm_calib/install/arm_calibration_interfaces/share/arm_calibration_interfaces/cmake/arm_calibration_interfaces__rosidl_typesupport_introspection_cppExport.cmake
[2.669s] -- Installing: /home/wky/MyWorkspace/arm_calib/install/arm_calibration_interfaces/share/arm_calibration_interfaces/cmake/arm_calibration_interfaces__rosidl_typesupport_introspection_cppExport-noconfig.cmake
[2.669s] -- Installing: /home/wky/MyWorkspace/arm_calib/install/arm_calibration_interfaces/share/arm_calibration_interfaces/cmake/arm_calibration_interfaces__rosidl_typesupport_cppExport.cmake
[2.669s] -- Installing: /home/wky/MyWorkspace/arm_calib/install/arm_calibration_interfaces/share/arm_calibration_interfaces/cmake/arm_calibration_interfaces__rosidl_typesupport_cppExport-noconfig.cmake
[2.669s] -- Installing: /home/wky/MyWorkspace/arm_calib/install/arm_calibration_interfaces/share/arm_calibration_interfaces/cmake/export_arm_calibration_interfaces__rosidl_generator_pyExport.cmake
[2.669s] -- Installing: /home/wky/MyWorkspace/arm_calib/install/arm_calibration_interfaces/share/arm_calibration_interfaces/cmake/export_arm_calibration_interfaces__rosidl_generator_pyExport-noconfig.cmake
[2.669s] -- Installing: /home/wky/MyWorkspace/arm_calib/install/arm_calibration_interfaces/share/arm_calibration_interfaces/cmake/rosidl_cmake-extras.cmake
[2.669s] -- Installing: /home/wky/MyWorkspace/arm_calib/install/arm_calibration_interfaces/share/arm_calibration_interfaces/cmake/ament_cmake_export_dependencies-extras.cmake
[2.669s] -- Installing: /home/wky/MyWorkspace/arm_calib/install/arm_calibration_interfaces/share/arm_calibration_interfaces/cmake/ament_cmake_export_include_directories-extras.cmake
[2.669s] -- Installing: /home/wky/MyWorkspace/arm_calib/install/arm_calibration_interfaces/share/arm_calibration_interfaces/cmake/ament_cmake_export_libraries-extras.cmake
[2.669s] -- Installing: /home/wky/MyWorkspace/arm_calib/install/arm_calibration_interfaces/share/arm_calibration_interfaces/cmake/ament_cmake_export_targets-extras.cmake
[2.669s] -- Installing: /home/wky/MyWorkspace/arm_calib/install/arm_calibration_interfaces/share/arm_calibration_interfaces/cmake/rosidl_cmake_export_typesupport_targets-extras.cmake
[2.669s] -- Installing: /home/wky/MyWorkspace/arm_calib/install/arm_calibration_interfaces/share/arm_calibration_interfaces/cmake/rosidl_cmake_export_typesupport_libraries-extras.cmake
[2.669s] -- Installing: /home/wky/MyWorkspace/arm_calib/install/arm_calibration_interfaces/share/arm_calibration_interfaces/cmake/arm_calibration_interfacesConfig.cmake
[2.670s] -- Installing: /home/wky/MyWorkspace/arm_calib/install/arm_calibration_interfaces/share/arm_calibration_interfaces/cmake/arm_calibration_interfacesConfig-version.cmake
[2.670s] -- Installing: /home/wky/MyWorkspace/arm_calib/install/arm_calibration_interfaces/share/arm_calibration_interfaces/package.xml
[2.670s] Invoked command in '/home/wky/MyWorkspace/arm_calib/build/arm_calibration_interfaces' returned '0': CMAKE_PREFIX_PATH=${CMAKE_PREFIX_PATH}:/home/wky/MyWorkspace/coludata_arm_control/install/visualization_control:/home/wky/MyWorkspace/coludata_arm_control/install/pyagx_arm_ros:/opt/ros/humble /usr/bin/cmake --install /home/wky/MyWorkspace/arm_calib/build/arm_calibration_interfaces
